============================= test session starts =============================
platform win32 -- Python 3.12.10, pytest-8.4.1, pluggy-1.6.0 -- C:\Users\jkoka\AppData\Local\Microsoft\WindowsApps\PythonSoftwareFoundation.Python.3.12_qbz5n2kfra8p0\python.exe
cachedir: .pytest_cache
hypothesis profile 'default'
rootdir: C:\code\ml-ta2
configfile: pytest.ini
plugins: anyio-4.9.0, hypothesis-6.136.6, cov-6.2.1, mock-3.14.1
collecting ... collected 63 items / 1 error

=================================== ERRORS ====================================
_______ ERROR collecting tests/integration/test_end_to_end_pipeline.py ________
ImportError while importing test module 'C:\code\ml-ta2\tests\integration\test_end_to_end_pipeline.py'.
Hint: make sure your test modules/packages have valid Python names.
Traceback:
C:\Users\jkoka\AppData\Local\Packages\PythonSoftwareFoundation.Python.3.12_qbz5n2kfra8p0\LocalCache\local-packages\Python312\site-packages\_pytest\python.py:498: in importtestmodule
    mod = import_path(
C:\Users\jkoka\AppData\Local\Packages\PythonSoftwareFoundation.Python.3.12_qbz5n2kfra8p0\LocalCache\local-packages\Python312\site-packages\_pytest\pathlib.py:587: in import_path
    importlib.import_module(module_name)
C:\Program Files\WindowsApps\PythonSoftwareFoundation.Python.3.12_3.12.2800.0_x64__qbz5n2kfra8p0\Lib\importlib\__init__.py:90: in import_module
    return _bootstrap._gcd_import(name[level:], package, level)
           ^^^^^^^^^^^^^^^^^^^^^^^^^^^^^^^^^^^^^^^^^^^^^^^^^^^^
<frozen importlib._bootstrap>:1387: in _gcd_import
    ???
<frozen importlib._bootstrap>:1360: in _find_and_load
    ???
<frozen importlib._bootstrap>:1331: in _find_and_load_unlocked
    ???
<frozen importlib._bootstrap>:935: in _load_unlocked
    ???
C:\Users\jkoka\AppData\Local\Packages\PythonSoftwareFoundation.Python.3.12_qbz5n2kfra8p0\LocalCache\local-packages\Python312\site-packages\_pytest\assertion\rewrite.py:186: in exec_module
    exec(co, module.__dict__)
tests\integration\test_end_to_end_pipeline.py:15: in <module>
    from src.data_fetcher import BinanceDataFetcher
src\data_fetcher.py:56: in <module>
    from .utils import ensure_directory, save_parquet, TimeUtils
src\utils\__init__.py:30: in <module>
    _spec.loader.exec_module(_original_utils)  # type: ignore
    ^^^^^^^^^^^^^^^^^^^^^^^^^^^^^^^^^^^^^^^^^
src\utils.py:58: in <module>
    from .exceptions import MLTAException, ValidationError, SystemResourceError
E   ImportError: attempted relative import with no known parent package
=========================== short test summary info ===========================
ERROR tests/integration/test_end_to_end_pipeline.py
!!!!!!!!!!!!!!!!!!!!!!!!!! stopping after 1 failures !!!!!!!!!!!!!!!!!!!!!!!!!!
============================== 1 error in 1.11s ===============================
